// Jest Snapshot v1, https://goo.gl/fbAQLP

exports[`component rendering compared to the snapshot 1`] = `
<div>
  <h1>
    Hello World from 
    test
  </h1>
</div>
`;
